// Jest Snapshot v1, https://goo.gl/fbAQLP

exports[`Tag renders correctly 1`] = `
<div
  className="sc-bdnylx byWsuf"
>
  title
</div>
`;
